// Jest Snapshot v1, https://goo.gl/fbAQLP

exports[`matches the snapshot 1`] = `
<div
  class="sc-bdvvtL gDGRzA"
  data-testid="pokemon-card"
>
  <span>
    Pokemon Name:
    <b
      data-testid="pokemon-name"
    >
      pikachu
    </b>
  </span>
  <img
    alt="pokemon"
    data-testid="pokemon-image"
    src="test"
  />
</div>
`;
